../Drivers/STM32F4xx_HAL_Driver/Inc/stm32f4xx_ll_spi.h:365:22:LL_SPI_SetStandard	16	static
../Drivers/STM32F4xx_HAL_Driver/Inc/stm32f4xx_ll_spi.h:731:26:LL_SPI_IsActiveFlag_RXNE	16	static
../Drivers/STM32F4xx_HAL_Driver/Inc/stm32f4xx_ll_spi.h:742:26:LL_SPI_IsActiveFlag_TXE	16	static
../Drivers/STM32F4xx_HAL_Driver/Inc/stm32f4xx_ll_spi.h:1075:25:LL_SPI_ReceiveData8	16	static
../Drivers/STM32F4xx_HAL_Driver/Inc/stm32f4xx_ll_spi.h:1086:26:LL_SPI_ReceiveData16	16	static
../Drivers/STM32F4xx_HAL_Driver/Inc/stm32f4xx_ll_spi.h:1098:22:LL_SPI_TransmitData8	24	static
../Drivers/STM32F4xx_HAL_Driver/Inc/stm32f4xx_ll_spi.h:1115:22:LL_SPI_TransmitData16	24	static
../Drivers/STM32F4xx_HAL_Driver/Inc/stm32f4xx_ll_gpio.h:910:22:LL_GPIO_ResetOutputPin	16	static
../Drivers/STM32F4xx_HAL_Driver/Inc/stm32f4xx_ll_bus.h:409:22:LL_AHB1_GRP1_EnableClock	24	static
../Drivers/STM32F4xx_HAL_Driver/Inc/stm32f4xx_ll_bus.h:1185:22:LL_APB1_GRP1_EnableClock	24	static
../Drivers/STM32F4xx_HAL_Driver/Inc/stm32f4xx_ll_bus.h:1704:22:LL_APB2_GRP1_EnableClock	24	static
../Core/Src/main.c:152:6:HAL_TIM_PeriodElapsedCallback	16	static
../Core/Src/main.c:181:6:HAL_UART_RxCpltCallback	16	static
../Core/Src/main.c:260:6:HAL_UART_TxCpltCallback	16	static
../Core/Src/main.c:270:5:main	40	static
../Core/Src/main.c:592:6:SystemClock_Config	88	static
../Core/Src/main.c:639:13:MX_SPI1_Init	72	static
../Core/Src/main.c:694:13:MX_SPI2_Init	72	static
../Core/Src/main.c:749:13:MX_TIM2_Init	32	static
../Core/Src/main.c:794:13:MX_TIM3_Init	32	static
../Core/Src/main.c:839:13:MX_TIM4_Init	64	static
../Core/Src/main.c:910:13:MX_USART1_UART_Init	8	static
../Core/Src/main.c:943:13:MX_USART2_UART_Init	8	static
../Core/Src/main.c:976:13:MX_USART6_UART_Init	8	static
../Core/Src/main.c:1009:13:MX_GPIO_Init	32	static
../Core/Src/main.c:1071:6:MS5611_C	16	static
../Core/Src/main.c:1139:6:MS5611_D_Convertion	16	static
../Core/Src/main.c:1168:6:MS5611_calc	176	static
../Core/Src/main.c:1185:6:SPI1_Write8	16	static
../Core/Src/main.c:1195:9:SPI1_Read8	8	static
../Core/Src/main.c:1205:10:SPI1_Read16	8	static
../Core/Src/main.c:1215:10:SPI1_Read32	16	static
../Core/Src/main.c:1233:10:map	24	static
../Core/Src/main.c:1238:6:Buzzer	8	static
../Core/Src/main.c:1260:5:_write	24	static
../Core/Src/main.c:1271:6:Calibrate_ESC	8	static
../Core/Src/main.c:1287:6:send	8	static
../Core/Src/main.c:1348:15:iBus_isActiveFailsafe	16	static
../Core/Src/main.c:1354:6:PID_Coef_Config	4	static
../Core/Src/main.c:1389:6:PID_CONFIG_LORA	4	static
../Core/Src/main.c:1508:6:Error_Handler	4	static,ignoring_inline_asm
